mode: set
github.com/penguintechinc/gough/cli/gough/cmd/audit.go:11.35,23.2 3 1
github.com/penguintechinc/gough/cli/gough/cmd/audit.go:25.36,35.55 2 1
github.com/penguintechinc/gough/cli/gough/cmd/audit.go:35.55,38.18 3 1
github.com/penguintechinc/gough/cli/gough/cmd/audit.go:38.18,40.5 1 1
github.com/penguintechinc/gough/cli/gough/cmd/audit.go:42.4,43.18 2 1
github.com/penguintechinc/gough/cli/gough/cmd/audit.go:43.18,45.5 1 0
github.com/penguintechinc/gough/cli/gough/cmd/audit.go:47.4,47.24 1 1
github.com/penguintechinc/gough/cli/gough/cmd/audit.go:47.24,50.5 2 1
github.com/penguintechinc/gough/cli/gough/cmd/audit.go:52.4,53.29 2 1
github.com/penguintechinc/gough/cli/gough/cmd/audit.go:53.29,57.5 1 1
github.com/penguintechinc/gough/cli/gough/cmd/audit.go:58.4,62.14 2 1
github.com/penguintechinc/gough/cli/gough/cmd/audit.go:66.2,68.12 3 1
github.com/penguintechinc/gough/cli/gough/cmd/audit.go:71.38,86.55 2 1
github.com/penguintechinc/gough/cli/gough/cmd/audit.go:86.55,89.18 3 1
github.com/penguintechinc/gough/cli/gough/cmd/audit.go:89.18,91.5 1 1
github.com/penguintechinc/gough/cli/gough/cmd/audit.go:93.4,94.19 2 1
github.com/penguintechinc/gough/cli/gough/cmd/audit.go:94.19,96.5 1 0
github.com/penguintechinc/gough/cli/gough/cmd/audit.go:98.4,99.18 2 1
github.com/penguintechinc/gough/cli/gough/cmd/audit.go:99.18,101.5 1 0
github.com/penguintechinc/gough/cli/gough/cmd/audit.go:102.4,102.31 1 1
github.com/penguintechinc/gough/cli/gough/cmd/audit.go:102.31,105.5 2 1
github.com/penguintechinc/gough/cli/gough/cmd/audit.go:106.4,107.14 2 1
github.com/penguintechinc/gough/cli/gough/cmd/audit.go:111.2,114.12 4 1
github.com/penguintechinc/gough/cli/gough/cmd/audit.go:117.38,131.55 2 1
github.com/penguintechinc/gough/cli/gough/cmd/audit.go:131.55,134.18 3 1
github.com/penguintechinc/gough/cli/gough/cmd/audit.go:134.18,136.5 1 0
github.com/penguintechinc/gough/cli/gough/cmd/audit.go:138.4,139.18 2 1
github.com/penguintechinc/gough/cli/gough/cmd/audit.go:139.18,141.5 1 0
github.com/penguintechinc/gough/cli/gough/cmd/audit.go:142.4,142.31 1 1
github.com/penguintechinc/gough/cli/gough/cmd/audit.go:142.31,145.5 2 1
github.com/penguintechinc/gough/cli/gough/cmd/audit.go:146.4,147.14 2 1
github.com/penguintechinc/gough/cli/gough/cmd/audit.go:151.2,154.12 4 1
github.com/penguintechinc/gough/cli/gough/cmd/biome.go:14.35,38.2 3 1
github.com/penguintechinc/gough/cli/gough/cmd/biome.go:40.36,51.55 2 1
github.com/penguintechinc/gough/cli/gough/cmd/biome.go:51.55,54.18 3 1
github.com/penguintechinc/gough/cli/gough/cmd/biome.go:54.18,56.5 1 1
github.com/penguintechinc/gough/cli/gough/cmd/biome.go:58.4,63.18 2 1
github.com/penguintechinc/gough/cli/gough/cmd/biome.go:63.18,65.5 1 0
github.com/penguintechinc/gough/cli/gough/cmd/biome.go:67.4,67.24 1 1
github.com/penguintechinc/gough/cli/gough/cmd/biome.go:67.24,70.5 2 1
github.com/penguintechinc/gough/cli/gough/cmd/biome.go:72.4,73.29 2 1
github.com/penguintechinc/gough/cli/gough/cmd/biome.go:73.29,75.21 2 1
github.com/penguintechinc/gough/cli/gough/cmd/biome.go:75.21,77.6 1 1
github.com/penguintechinc/gough/cli/gough/cmd/biome.go:78.5,81.7 1 1
github.com/penguintechinc/gough/cli/gough/cmd/biome.go:83.4,87.14 2 1
github.com/penguintechinc/gough/cli/gough/cmd/biome.go:91.2,94.12 4 1
github.com/penguintechinc/gough/cli/gough/cmd/biome.go:97.36,104.55 2 1
github.com/penguintechinc/gough/cli/gough/cmd/biome.go:104.55,107.18 3 1
github.com/penguintechinc/gough/cli/gough/cmd/biome.go:107.18,109.5 1 1
github.com/penguintechinc/gough/cli/gough/cmd/biome.go:111.4,112.18 2 1
github.com/penguintechinc/gough/cli/gough/cmd/biome.go:112.18,114.5 1 0
github.com/penguintechinc/gough/cli/gough/cmd/biome.go:115.4,116.14 2 1
github.com/penguintechinc/gough/cli/gough/cmd/biome.go:120.2,121.12 2 1
github.com/penguintechinc/gough/cli/gough/cmd/biome.go:124.35,138.55 1 1
github.com/penguintechinc/gough/cli/gough/cmd/biome.go:138.55,141.4 2 1
github.com/penguintechinc/gough/cli/gough/cmd/biome.go:146.39,153.25 2 1
github.com/penguintechinc/gough/cli/gough/cmd/biome.go:153.25,154.47 1 1
github.com/penguintechinc/gough/cli/gough/cmd/biome.go:154.47,156.4 1 1
github.com/penguintechinc/gough/cli/gough/cmd/biome.go:159.2,201.35 2 1
github.com/penguintechinc/gough/cli/gough/cmd/biome.go:201.35,202.68 1 1
github.com/penguintechinc/gough/cli/gough/cmd/biome.go:202.68,204.4 1 0
github.com/penguintechinc/gough/cli/gough/cmd/biome.go:208.2,208.87 1 1
github.com/penguintechinc/gough/cli/gough/cmd/biome.go:208.87,210.3 1 1
github.com/penguintechinc/gough/cli/gough/cmd/biome.go:212.2,214.12 3 1
github.com/penguintechinc/gough/cli/gough/cmd/biome.go:217.44,252.2 1 1
github.com/penguintechinc/gough/cli/gough/cmd/biome.go:254.40,265.55 2 1
github.com/penguintechinc/gough/cli/gough/cmd/biome.go:265.55,268.18 3 1
github.com/penguintechinc/gough/cli/gough/cmd/biome.go:268.18,270.5 1 1
github.com/penguintechinc/gough/cli/gough/cmd/biome.go:272.4,273.18 2 1
github.com/penguintechinc/gough/cli/gough/cmd/biome.go:273.18,274.75 1 1
github.com/penguintechinc/gough/cli/gough/cmd/biome.go:274.75,277.6 2 0
github.com/penguintechinc/gough/cli/gough/cmd/biome.go:278.5,278.34 1 1
github.com/penguintechinc/gough/cli/gough/cmd/biome.go:280.4,280.31 1 1
github.com/penguintechinc/gough/cli/gough/cmd/biome.go:280.31,283.5 2 1
github.com/penguintechinc/gough/cli/gough/cmd/biome.go:284.4,285.14 2 1
github.com/penguintechinc/gough/cli/gough/cmd/biome.go:289.2,290.12 2 1
github.com/penguintechinc/gough/cli/gough/cmd/biome.go:293.39,305.55 1 1
github.com/penguintechinc/gough/cli/gough/cmd/biome.go:305.55,308.18 3 1
github.com/penguintechinc/gough/cli/gough/cmd/biome.go:308.18,310.5 1 1
github.com/penguintechinc/gough/cli/gough/cmd/biome.go:312.4,313.18 2 1
github.com/penguintechinc/gough/cli/gough/cmd/biome.go:313.18,315.5 1 0
github.com/penguintechinc/gough/cli/gough/cmd/biome.go:316.4,316.31 1 1
github.com/penguintechinc/gough/cli/gough/cmd/biome.go:316.31,319.5 2 1
github.com/penguintechinc/gough/cli/gough/cmd/biome.go:320.4,321.14 2 1
github.com/penguintechinc/gough/cli/gough/cmd/biome.go:326.39,331.55 1 1
github.com/penguintechinc/gough/cli/gough/cmd/biome.go:331.55,334.18 3 1
github.com/penguintechinc/gough/cli/gough/cmd/biome.go:334.18,336.5 1 1
github.com/penguintechinc/gough/cli/gough/cmd/biome.go:337.4,338.18 2 1
github.com/penguintechinc/gough/cli/gough/cmd/biome.go:338.18,340.5 1 0
github.com/penguintechinc/gough/cli/gough/cmd/biome.go:341.4,341.31 1 1
github.com/penguintechinc/gough/cli/gough/cmd/biome.go:341.31,344.5 2 1
github.com/penguintechinc/gough/cli/gough/cmd/biome.go:345.4,346.14 2 1
github.com/penguintechinc/gough/cli/gough/cmd/biome.go:351.40,356.55 1 1
github.com/penguintechinc/gough/cli/gough/cmd/biome.go:356.55,359.18 3 1
github.com/penguintechinc/gough/cli/gough/cmd/biome.go:359.18,361.5 1 1
github.com/penguintechinc/gough/cli/gough/cmd/biome.go:362.4,363.18 2 1
github.com/penguintechinc/gough/cli/gough/cmd/biome.go:363.18,365.5 1 0
github.com/penguintechinc/gough/cli/gough/cmd/biome.go:366.4,366.31 1 1
github.com/penguintechinc/gough/cli/gough/cmd/biome.go:366.31,369.5 2 1
github.com/penguintechinc/gough/cli/gough/cmd/biome.go:370.4,371.14 2 1
github.com/penguintechinc/gough/cli/gough/cmd/biome.go:376.36,381.55 1 1
github.com/penguintechinc/gough/cli/gough/cmd/biome.go:381.55,384.18 3 1
github.com/penguintechinc/gough/cli/gough/cmd/biome.go:384.18,386.5 1 1
github.com/penguintechinc/gough/cli/gough/cmd/biome.go:387.4,388.18 2 1
github.com/penguintechinc/gough/cli/gough/cmd/biome.go:388.18,390.5 1 0
github.com/penguintechinc/gough/cli/gough/cmd/biome.go:391.4,391.31 1 1
github.com/penguintechinc/gough/cli/gough/cmd/biome.go:391.31,394.5 2 1
github.com/penguintechinc/gough/cli/gough/cmd/biome.go:395.4,396.14 2 1
github.com/penguintechinc/gough/cli/gough/cmd/biome.go:401.38,406.55 1 1
github.com/penguintechinc/gough/cli/gough/cmd/biome.go:406.55,409.18 3 1
github.com/penguintechinc/gough/cli/gough/cmd/biome.go:409.18,411.5 1 1
github.com/penguintechinc/gough/cli/gough/cmd/biome.go:412.4,413.18 2 1
github.com/penguintechinc/gough/cli/gough/cmd/biome.go:413.18,415.5 1 0
github.com/penguintechinc/gough/cli/gough/cmd/biome.go:416.4,416.31 1 1
github.com/penguintechinc/gough/cli/gough/cmd/biome.go:416.31,419.5 2 1
github.com/penguintechinc/gough/cli/gough/cmd/biome.go:420.4,421.14 2 1
github.com/penguintechinc/gough/cli/gough/cmd/biome.go:426.48,434.55 1 1
github.com/penguintechinc/gough/cli/gough/cmd/biome.go:434.55,437.18 3 1
github.com/penguintechinc/gough/cli/gough/cmd/biome.go:437.18,439.5 1 1
github.com/penguintechinc/gough/cli/gough/cmd/biome.go:440.4,441.18 2 1
github.com/penguintechinc/gough/cli/gough/cmd/biome.go:441.18,442.75 1 1
github.com/penguintechinc/gough/cli/gough/cmd/biome.go:442.75,445.6 2 0
github.com/penguintechinc/gough/cli/gough/cmd/biome.go:446.5,446.34 1 1
github.com/penguintechinc/gough/cli/gough/cmd/biome.go:448.4,449.14 2 1
github.com/penguintechinc/gough/cli/gough/cmd/biome.go:454.39,461.55 2 1
github.com/penguintechinc/gough/cli/gough/cmd/biome.go:461.55,464.18 3 1
github.com/penguintechinc/gough/cli/gough/cmd/biome.go:464.18,466.5 1 1
github.com/penguintechinc/gough/cli/gough/cmd/biome.go:467.4,468.18 2 1
github.com/penguintechinc/gough/cli/gough/cmd/biome.go:468.18,470.5 1 0
github.com/penguintechinc/gough/cli/gough/cmd/biome.go:471.4,471.31 1 1
github.com/penguintechinc/gough/cli/gough/cmd/biome.go:471.31,474.5 2 1
github.com/penguintechinc/gough/cli/gough/cmd/biome.go:475.4,476.14 2 1
github.com/penguintechinc/gough/cli/gough/cmd/biome.go:480.2,482.12 3 1
github.com/penguintechinc/gough/cli/gough/cmd/capacity.go:11.38,22.2 3 1
github.com/penguintechinc/gough/cli/gough/cmd/capacity.go:24.43,35.55 2 1
github.com/penguintechinc/gough/cli/gough/cmd/capacity.go:35.55,38.18 3 1
github.com/penguintechinc/gough/cli/gough/cmd/capacity.go:38.18,40.5 1 1
github.com/penguintechinc/gough/cli/gough/cmd/capacity.go:42.4,43.18 2 1
github.com/penguintechinc/gough/cli/gough/cmd/capacity.go:43.18,45.5 1 1
github.com/penguintechinc/gough/cli/gough/cmd/capacity.go:47.4,48.31 2 1
github.com/penguintechinc/gough/cli/gough/cmd/capacity.go:48.31,50.27 2 1
github.com/penguintechinc/gough/cli/gough/cmd/capacity.go:50.27,52.6 1 0
github.com/penguintechinc/gough/cli/gough/cmd/capacity.go:53.5,60.7 1 1
github.com/penguintechinc/gough/cli/gough/cmd/capacity.go:62.4,66.14 2 1
github.com/penguintechinc/gough/cli/gough/cmd/capacity.go:70.2,71.12 2 1
github.com/penguintechinc/gough/cli/gough/cmd/capacity.go:74.40,79.55 1 1
github.com/penguintechinc/gough/cli/gough/cmd/capacity.go:79.55,82.18 3 1
github.com/penguintechinc/gough/cli/gough/cmd/capacity.go:82.18,84.5 1 1
github.com/penguintechinc/gough/cli/gough/cmd/capacity.go:86.4,87.18 2 1
github.com/penguintechinc/gough/cli/gough/cmd/capacity.go:87.18,89.5 1 0
github.com/penguintechinc/gough/cli/gough/cmd/capacity.go:91.4,92.14 2 1
github.com/penguintechinc/gough/cli/gough/cmd/cluster.go:14.37,31.2 3 1
github.com/penguintechinc/gough/cli/gough/cmd/cluster.go:34.33,44.2 3 1
github.com/penguintechinc/gough/cli/gough/cmd/cluster.go:46.47,56.2 3 1
github.com/penguintechinc/gough/cli/gough/cmd/cluster.go:58.53,63.55 1 1
github.com/penguintechinc/gough/cli/gough/cmd/cluster.go:63.55,66.18 3 1
github.com/penguintechinc/gough/cli/gough/cmd/cluster.go:66.18,68.5 1 0
github.com/penguintechinc/gough/cli/gough/cmd/cluster.go:69.4,70.18 2 1
github.com/penguintechinc/gough/cli/gough/cmd/cluster.go:70.18,72.5 1 1
github.com/penguintechinc/gough/cli/gough/cmd/cluster.go:73.4,74.14 2 1
github.com/penguintechinc/gough/cli/gough/cmd/cluster.go:79.56,92.55 2 1
github.com/penguintechinc/gough/cli/gough/cmd/cluster.go:92.55,95.18 3 1
github.com/penguintechinc/gough/cli/gough/cmd/cluster.go:95.18,97.5 1 0
github.com/penguintechinc/gough/cli/gough/cmd/cluster.go:98.4,99.18 2 1
github.com/penguintechinc/gough/cli/gough/cmd/cluster.go:99.18,101.5 1 0
github.com/penguintechinc/gough/cli/gough/cmd/cluster.go:102.4,102.31 1 1
github.com/penguintechinc/gough/cli/gough/cmd/cluster.go:102.31,105.5 2 1
github.com/penguintechinc/gough/cli/gough/cmd/cluster.go:106.4,107.14 2 1
github.com/penguintechinc/gough/cli/gough/cmd/cluster.go:110.2,112.12 3 1
github.com/penguintechinc/gough/cli/gough/cmd/cluster.go:115.49,126.2 3 1
github.com/penguintechinc/gough/cli/gough/cmd/cluster.go:128.55,133.55 1 1
github.com/penguintechinc/gough/cli/gough/cmd/cluster.go:133.55,136.18 3 1
github.com/penguintechinc/gough/cli/gough/cmd/cluster.go:136.18,138.5 1 1
github.com/penguintechinc/gough/cli/gough/cmd/cluster.go:139.4,140.18 2 1
github.com/penguintechinc/gough/cli/gough/cmd/cluster.go:140.18,142.5 1 0
github.com/penguintechinc/gough/cli/gough/cmd/cluster.go:143.4,144.14 2 1
github.com/penguintechinc/gough/cli/gough/cmd/cluster.go:149.58,163.55 2 1
github.com/penguintechinc/gough/cli/gough/cmd/cluster.go:163.55,166.18 3 1
github.com/penguintechinc/gough/cli/gough/cmd/cluster.go:166.18,168.5 1 1
github.com/penguintechinc/gough/cli/gough/cmd/cluster.go:169.4,170.27 2 1
github.com/penguintechinc/gough/cli/gough/cmd/cluster.go:170.27,172.24 2 1
github.com/penguintechinc/gough/cli/gough/cmd/cluster.go:172.24,174.6 1 1
github.com/penguintechinc/gough/cli/gough/cmd/cluster.go:176.4,177.18 2 1
github.com/penguintechinc/gough/cli/gough/cmd/cluster.go:177.18,179.5 1 1
github.com/penguintechinc/gough/cli/gough/cmd/cluster.go:180.4,180.31 1 1
github.com/penguintechinc/gough/cli/gough/cmd/cluster.go:180.31,183.5 2 1
github.com/penguintechinc/gough/cli/gough/cmd/cluster.go:184.4,185.14 2 0
github.com/penguintechinc/gough/cli/gough/cmd/cluster.go:188.2,189.12 2 1
github.com/penguintechinc/gough/cli/gough/cmd/cluster.go:192.56,203.55 2 1
github.com/penguintechinc/gough/cli/gough/cmd/cluster.go:203.55,206.18 3 1
github.com/penguintechinc/gough/cli/gough/cmd/cluster.go:206.18,208.5 1 1
github.com/penguintechinc/gough/cli/gough/cmd/cluster.go:209.4,210.18 2 1
github.com/penguintechinc/gough/cli/gough/cmd/cluster.go:210.18,212.5 1 0
github.com/penguintechinc/gough/cli/gough/cmd/cluster.go:213.4,213.31 1 1
github.com/penguintechinc/gough/cli/gough/cmd/cluster.go:213.31,216.5 2 1
github.com/penguintechinc/gough/cli/gough/cmd/cluster.go:217.4,218.14 2 1
github.com/penguintechinc/gough/cli/gough/cmd/cluster.go:221.2,223.12 3 1
github.com/penguintechinc/gough/cli/gough/cmd/cluster.go:226.47,234.55 1 1
github.com/penguintechinc/gough/cli/gough/cmd/cluster.go:234.55,237.18 3 1
github.com/penguintechinc/gough/cli/gough/cmd/cluster.go:237.18,239.5 1 1
github.com/penguintechinc/gough/cli/gough/cmd/cluster.go:240.4,241.18 2 1
github.com/penguintechinc/gough/cli/gough/cmd/cluster.go:241.18,243.5 1 0
github.com/penguintechinc/gough/cli/gough/cmd/cluster.go:244.4,245.14 2 1
github.com/penguintechinc/gough/cli/gough/cmd/cluster.go:250.40,255.55 1 1
github.com/penguintechinc/gough/cli/gough/cmd/cluster.go:255.55,258.18 3 1
github.com/penguintechinc/gough/cli/gough/cmd/cluster.go:258.18,260.5 1 1
github.com/penguintechinc/gough/cli/gough/cmd/cluster.go:262.4,263.18 2 1
github.com/penguintechinc/gough/cli/gough/cmd/cluster.go:263.18,264.75 1 1
github.com/penguintechinc/gough/cli/gough/cmd/cluster.go:264.75,267.6 2 1
github.com/penguintechinc/gough/cli/gough/cmd/cluster.go:268.5,268.34 1 1
github.com/penguintechinc/gough/cli/gough/cmd/cluster.go:271.4,283.14 2 1
github.com/penguintechinc/gough/cli/gough/cmd/cluster.go:288.41,293.55 1 1
github.com/penguintechinc/gough/cli/gough/cmd/cluster.go:293.55,296.18 3 1
github.com/penguintechinc/gough/cli/gough/cmd/cluster.go:296.18,298.5 1 0
github.com/penguintechinc/gough/cli/gough/cmd/cluster.go:299.4,300.18 2 1
github.com/penguintechinc/gough/cli/gough/cmd/cluster.go:300.18,302.5 1 0
github.com/penguintechinc/gough/cli/gough/cmd/cluster.go:303.4,303.31 1 1
github.com/penguintechinc/gough/cli/gough/cmd/cluster.go:303.31,306.5 2 1
github.com/penguintechinc/gough/cli/gough/cmd/cluster.go:307.4,308.14 2 1
github.com/penguintechinc/gough/cli/gough/cmd/cluster.go:313.42,318.55 1 1
github.com/penguintechinc/gough/cli/gough/cmd/cluster.go:318.55,321.18 3 1
github.com/penguintechinc/gough/cli/gough/cmd/cluster.go:321.18,323.5 1 1
github.com/penguintechinc/gough/cli/gough/cmd/cluster.go:324.4,325.18 2 1
github.com/penguintechinc/gough/cli/gough/cmd/cluster.go:325.18,327.5 1 0
github.com/penguintechinc/gough/cli/gough/cmd/cluster.go:328.4,328.31 1 1
github.com/penguintechinc/gough/cli/gough/cmd/cluster.go:328.31,331.5 2 1
github.com/penguintechinc/gough/cli/gough/cmd/cluster.go:332.4,333.14 2 1
github.com/penguintechinc/gough/cli/gough/cmd/cluster.go:338.39,352.55 2 1
github.com/penguintechinc/gough/cli/gough/cmd/cluster.go:352.55,355.78 3 1
github.com/penguintechinc/gough/cli/gough/cmd/cluster.go:355.78,357.5 1 1
github.com/penguintechinc/gough/cli/gough/cmd/cluster.go:359.4,360.33 2 1
github.com/penguintechinc/gough/cli/gough/cmd/cluster.go:360.33,362.24 2 0
github.com/penguintechinc/gough/cli/gough/cmd/cluster.go:362.24,364.6 1 0
github.com/penguintechinc/gough/cli/gough/cmd/cluster.go:367.4,368.18 2 1
github.com/penguintechinc/gough/cli/gough/cmd/cluster.go:368.18,370.5 1 0
github.com/penguintechinc/gough/cli/gough/cmd/cluster.go:371.4,372.18 2 1
github.com/penguintechinc/gough/cli/gough/cmd/cluster.go:372.18,374.5 1 1
github.com/penguintechinc/gough/cli/gough/cmd/cluster.go:375.4,375.31 1 1
github.com/penguintechinc/gough/cli/gough/cmd/cluster.go:375.31,378.5 2 1
github.com/penguintechinc/gough/cli/gough/cmd/cluster.go:379.4,380.14 2 1
github.com/penguintechinc/gough/cli/gough/cmd/cluster.go:384.2,385.12 2 1
github.com/penguintechinc/gough/cli/gough/cmd/cluster.go:388.53,395.55 2 1
github.com/penguintechinc/gough/cli/gough/cmd/cluster.go:395.55,398.18 3 1
github.com/penguintechinc/gough/cli/gough/cmd/cluster.go:398.18,400.5 1 0
github.com/penguintechinc/gough/cli/gough/cmd/cluster.go:401.4,402.18 2 1
github.com/penguintechinc/gough/cli/gough/cmd/cluster.go:402.18,404.5 1 1
github.com/penguintechinc/gough/cli/gough/cmd/cluster.go:405.4,405.31 1 1
github.com/penguintechinc/gough/cli/gough/cmd/cluster.go:405.31,408.5 2 1
github.com/penguintechinc/gough/cli/gough/cmd/cluster.go:409.4,410.14 2 1
github.com/penguintechinc/gough/cli/gough/cmd/cluster.go:414.2,415.12 2 1
github.com/penguintechinc/gough/cli/gough/cmd/cluster.go:418.47,431.55 2 1
github.com/penguintechinc/gough/cli/gough/cmd/cluster.go:431.55,434.18 3 1
github.com/penguintechinc/gough/cli/gough/cmd/cluster.go:434.18,436.5 1 0
github.com/penguintechinc/gough/cli/gough/cmd/cluster.go:437.4,438.18 2 1
github.com/penguintechinc/gough/cli/gough/cmd/cluster.go:438.18,440.5 1 0
github.com/penguintechinc/gough/cli/gough/cmd/cluster.go:441.4,441.31 1 1
github.com/penguintechinc/gough/cli/gough/cmd/cluster.go:441.31,444.5 2 1
github.com/penguintechinc/gough/cli/gough/cmd/cluster.go:446.4,447.14 2 1
github.com/penguintechinc/gough/cli/gough/cmd/cluster.go:451.2,453.12 3 1
github.com/penguintechinc/gough/cli/gough/cmd/cluster.go:456.49,465.55 1 1
github.com/penguintechinc/gough/cli/gough/cmd/cluster.go:465.55,468.18 3 1
github.com/penguintechinc/gough/cli/gough/cmd/cluster.go:468.18,470.5 1 1
github.com/penguintechinc/gough/cli/gough/cmd/cluster.go:471.4,472.18 2 1
github.com/penguintechinc/gough/cli/gough/cmd/cluster.go:472.18,474.5 1 1
github.com/penguintechinc/gough/cli/gough/cmd/cluster.go:475.4,475.31 1 1
github.com/penguintechinc/gough/cli/gough/cmd/cluster.go:475.31,478.5 2 1
github.com/penguintechinc/gough/cli/gough/cmd/cluster.go:479.4,480.14 2 1
github.com/penguintechinc/gough/cli/gough/cmd/completion.go:12.40,48.2 3 1
github.com/penguintechinc/gough/cli/gough/cmd/completion.go:50.41,56.55 1 1
github.com/penguintechinc/gough/cli/gough/cmd/completion.go:56.55,58.4 1 1
github.com/penguintechinc/gough/cli/gough/cmd/completion.go:62.40,68.55 1 1
github.com/penguintechinc/gough/cli/gough/cmd/completion.go:68.55,70.4 1 1
github.com/penguintechinc/gough/cli/gough/cmd/completion.go:74.41,80.55 1 1
github.com/penguintechinc/gough/cli/gough/cmd/completion.go:80.55,82.4 1 1
github.com/penguintechinc/gough/cli/gough/cmd/completion.go:86.47,92.55 1 1
github.com/penguintechinc/gough/cli/gough/cmd/completion.go:92.55,94.4 1 1
github.com/penguintechinc/gough/cli/gough/cmd/config.go:13.36,33.2 3 1
github.com/penguintechinc/gough/cli/gough/cmd/config.go:35.36,42.55 1 1
github.com/penguintechinc/gough/cli/gough/cmd/config.go:42.55,45.18 3 1
github.com/penguintechinc/gough/cli/gough/cmd/config.go:45.18,47.5 1 0
github.com/penguintechinc/gough/cli/gough/cmd/config.go:48.4,49.17 2 1
github.com/penguintechinc/gough/cli/gough/cmd/config.go:49.17,52.5 2 1
github.com/penguintechinc/gough/cli/gough/cmd/config.go:53.4,54.14 2 1
github.com/penguintechinc/gough/cli/gough/cmd/config.go:59.36,66.55 1 1
github.com/penguintechinc/gough/cli/gough/cmd/config.go:66.55,69.18 3 1
github.com/penguintechinc/gough/cli/gough/cmd/config.go:69.18,71.5 1 0
github.com/penguintechinc/gough/cli/gough/cmd/config.go:72.4,72.52 1 1
github.com/penguintechinc/gough/cli/gough/cmd/config.go:72.52,74.5 1 0
github.com/penguintechinc/gough/cli/gough/cmd/config.go:75.4,76.14 2 1
github.com/penguintechinc/gough/cli/gough/cmd/config.go:81.37,86.55 1 1
github.com/penguintechinc/gough/cli/gough/cmd/config.go:86.55,89.18 3 1
github.com/penguintechinc/gough/cli/gough/cmd/config.go:89.18,91.5 1 0
github.com/penguintechinc/gough/cli/gough/cmd/config.go:92.4,93.21 2 1
github.com/penguintechinc/gough/cli/gough/cmd/config.go:93.21,96.5 2 1
github.com/penguintechinc/gough/cli/gough/cmd/config.go:97.4,100.26 4 1
github.com/penguintechinc/gough/cli/gough/cmd/config.go:100.26,102.5 1 1
github.com/penguintechinc/gough/cli/gough/cmd/config.go:103.4,104.14 2 1
github.com/penguintechinc/gough/cli/gough/cmd/config.go:109.44,114.55 1 1
github.com/penguintechinc/gough/cli/gough/cmd/config.go:114.55,117.18 3 1
github.com/penguintechinc/gough/cli/gough/cmd/config.go:117.18,119.5 1 0
github.com/penguintechinc/gough/cli/gough/cmd/config.go:120.4,121.26 2 1
github.com/penguintechinc/gough/cli/gough/cmd/config.go:121.26,124.5 2 1
github.com/penguintechinc/gough/cli/gough/cmd/config.go:125.4,127.36 3 1
github.com/penguintechinc/gough/cli/gough/cmd/config.go:127.36,129.27 2 1
github.com/penguintechinc/gough/cli/gough/cmd/config.go:129.27,131.6 1 1
github.com/penguintechinc/gough/cli/gough/cmd/config.go:132.5,132.78 1 1
github.com/penguintechinc/gough/cli/gough/cmd/config.go:134.4,135.14 2 1
github.com/penguintechinc/gough/cli/gough/cmd/config.go:140.47,145.55 1 1
github.com/penguintechinc/gough/cli/gough/cmd/config.go:145.55,148.18 3 1
github.com/penguintechinc/gough/cli/gough/cmd/config.go:148.18,150.5 1 0
github.com/penguintechinc/gough/cli/gough/cmd/config.go:151.4,152.21 2 1
github.com/penguintechinc/gough/cli/gough/cmd/config.go:152.21,155.5 2 1
github.com/penguintechinc/gough/cli/gough/cmd/config.go:156.4,157.14 2 1
github.com/penguintechinc/gough/cli/gough/cmd/config.go:162.43,167.55 1 1
github.com/penguintechinc/gough/cli/gough/cmd/config.go:167.55,170.18 3 1
github.com/penguintechinc/gough/cli/gough/cmd/config.go:170.18,172.5 1 0
github.com/penguintechinc/gough/cli/gough/cmd/config.go:173.4,173.50 1 1
github.com/penguintechinc/gough/cli/gough/cmd/config.go:173.50,175.5 1 1
github.com/penguintechinc/gough/cli/gough/cmd/config.go:176.4,177.14 2 1
github.com/penguintechinc/gough/cli/gough/cmd/config.go:182.43,189.55 1 1
github.com/penguintechinc/gough/cli/gough/cmd/config.go:189.55,194.21 4 1
github.com/penguintechinc/gough/cli/gough/cmd/config.go:194.21,196.5 1 1
github.com/penguintechinc/gough/cli/gough/cmd/config.go:198.4,199.18 2 1
github.com/penguintechinc/gough/cli/gough/cmd/config.go:199.18,201.5 1 0
github.com/penguintechinc/gough/cli/gough/cmd/config.go:202.4,206.55 2 1
github.com/penguintechinc/gough/cli/gough/cmd/config.go:206.55,208.5 1 0
github.com/penguintechinc/gough/cli/gough/cmd/config.go:209.4,210.14 2 1
github.com/penguintechinc/gough/cli/gough/cmd/config.go:213.2,215.12 3 1
github.com/penguintechinc/gough/cli/gough/cmd/config.go:218.46,223.55 1 1
github.com/penguintechinc/gough/cli/gough/cmd/config.go:223.55,226.18 3 1
github.com/penguintechinc/gough/cli/gough/cmd/config.go:226.18,228.5 1 0
github.com/penguintechinc/gough/cli/gough/cmd/config.go:229.4,229.53 1 1
github.com/penguintechinc/gough/cli/gough/cmd/config.go:229.53,231.5 1 1
github.com/penguintechinc/gough/cli/gough/cmd/config.go:232.4,233.14 2 1
github.com/penguintechinc/gough/cli/gough/cmd/deployment.go:13.40,26.2 3 1
github.com/penguintechinc/gough/cli/gough/cmd/deployment.go:28.41,39.55 2 1
github.com/penguintechinc/gough/cli/gough/cmd/deployment.go:39.55,42.18 3 1
github.com/penguintechinc/gough/cli/gough/cmd/deployment.go:42.18,44.5 1 0
github.com/penguintechinc/gough/cli/gough/cmd/deployment.go:46.4,51.18 2 1
github.com/penguintechinc/gough/cli/gough/cmd/deployment.go:51.18,53.5 1 0
github.com/penguintechinc/gough/cli/gough/cmd/deployment.go:55.4,55.29 1 1
github.com/penguintechinc/gough/cli/gough/cmd/deployment.go:55.29,58.5 2 1
github.com/penguintechinc/gough/cli/gough/cmd/deployment.go:60.4,61.34 2 1
github.com/penguintechinc/gough/cli/gough/cmd/deployment.go:61.34,66.5 1 1
github.com/penguintechinc/gough/cli/gough/cmd/deployment.go:67.4,71.14 2 1
github.com/penguintechinc/gough/cli/gough/cmd/deployment.go:75.2,78.12 4 1
github.com/penguintechinc/gough/cli/gough/cmd/deployment.go:81.41,88.55 2 1
github.com/penguintechinc/gough/cli/gough/cmd/deployment.go:88.55,91.18 3 1
github.com/penguintechinc/gough/cli/gough/cmd/deployment.go:91.18,93.5 1 0
github.com/penguintechinc/gough/cli/gough/cmd/deployment.go:95.4,96.18 2 1
github.com/penguintechinc/gough/cli/gough/cmd/deployment.go:96.18,98.5 1 0
github.com/penguintechinc/gough/cli/gough/cmd/deployment.go:100.4,100.22 1 1
github.com/penguintechinc/gough/cli/gough/cmd/deployment.go:100.22,103.5 2 1
github.com/penguintechinc/gough/cli/gough/cmd/deployment.go:105.4,105.31 1 1
github.com/penguintechinc/gough/cli/gough/cmd/deployment.go:105.31,107.5 1 1
github.com/penguintechinc/gough/cli/gough/cmd/deployment.go:108.4,108.14 1 1
github.com/penguintechinc/gough/cli/gough/cmd/deployment.go:112.2,113.12 2 1
github.com/penguintechinc/gough/cli/gough/cmd/deployment.go:116.43,121.55 1 1
github.com/penguintechinc/gough/cli/gough/cmd/deployment.go:121.55,124.18 3 1
github.com/penguintechinc/gough/cli/gough/cmd/deployment.go:124.18,126.5 1 0
github.com/penguintechinc/gough/cli/gough/cmd/deployment.go:128.4,129.18 2 1
github.com/penguintechinc/gough/cli/gough/cmd/deployment.go:129.18,131.5 1 1
github.com/penguintechinc/gough/cli/gough/cmd/deployment.go:133.4,134.14 2 1
github.com/penguintechinc/gough/cli/gough/cmd/dev.go:11.33,27.2 3 1
github.com/penguintechinc/gough/cli/gough/cmd/dev.go:29.37,47.55 2 1
github.com/penguintechinc/gough/cli/gough/cmd/dev.go:47.55,50.18 3 1
github.com/penguintechinc/gough/cli/gough/cmd/dev.go:50.18,52.5 1 1
github.com/penguintechinc/gough/cli/gough/cmd/dev.go:54.4,59.18 2 1
github.com/penguintechinc/gough/cli/gough/cmd/dev.go:59.18,61.5 1 1
github.com/penguintechinc/gough/cli/gough/cmd/dev.go:62.4,62.31 1 1
github.com/penguintechinc/gough/cli/gough/cmd/dev.go:62.31,65.5 2 1
github.com/penguintechinc/gough/cli/gough/cmd/dev.go:66.4,67.14 2 1
github.com/penguintechinc/gough/cli/gough/cmd/dev.go:71.2,74.12 4 1
github.com/penguintechinc/gough/cli/gough/cmd/dev.go:77.34,89.55 2 1
github.com/penguintechinc/gough/cli/gough/cmd/dev.go:89.55,92.18 3 1
github.com/penguintechinc/gough/cli/gough/cmd/dev.go:92.18,94.5 1 0
github.com/penguintechinc/gough/cli/gough/cmd/dev.go:96.4,97.18 2 1
github.com/penguintechinc/gough/cli/gough/cmd/dev.go:97.18,99.5 1 0
github.com/penguintechinc/gough/cli/gough/cmd/dev.go:100.4,100.31 1 1
github.com/penguintechinc/gough/cli/gough/cmd/dev.go:100.31,103.5 2 1
github.com/penguintechinc/gough/cli/gough/cmd/dev.go:104.4,105.14 2 1
github.com/penguintechinc/gough/cli/gough/cmd/dev.go:109.2,111.12 3 1
github.com/penguintechinc/gough/cli/gough/cmd/dev.go:114.35,123.55 1 1
github.com/penguintechinc/gough/cli/gough/cmd/dev.go:123.55,126.18 3 1
github.com/penguintechinc/gough/cli/gough/cmd/dev.go:126.18,128.5 1 1
github.com/penguintechinc/gough/cli/gough/cmd/dev.go:130.4,131.18 2 1
github.com/penguintechinc/gough/cli/gough/cmd/dev.go:131.18,133.5 1 1
github.com/penguintechinc/gough/cli/gough/cmd/dev.go:134.4,134.31 1 1
github.com/penguintechinc/gough/cli/gough/cmd/dev.go:134.31,137.5 2 1
github.com/penguintechinc/gough/cli/gough/cmd/dev.go:138.4,139.14 2 1
github.com/penguintechinc/gough/cli/gough/cmd/disk.go:15.34,27.2 3 1
github.com/penguintechinc/gough/cli/gough/cmd/disk.go:29.35,34.55 1 1
github.com/penguintechinc/gough/cli/gough/cmd/disk.go:34.55,37.18 3 1
github.com/penguintechinc/gough/cli/gough/cmd/disk.go:37.18,39.5 1 0
github.com/penguintechinc/gough/cli/gough/cmd/disk.go:41.4,42.18 2 1
github.com/penguintechinc/gough/cli/gough/cmd/disk.go:42.18,44.5 1 0
github.com/penguintechinc/gough/cli/gough/cmd/disk.go:46.4,46.23 1 1
github.com/penguintechinc/gough/cli/gough/cmd/disk.go:46.23,49.5 2 1
github.com/penguintechinc/gough/cli/gough/cmd/disk.go:51.4,52.28 2 1
github.com/penguintechinc/gough/cli/gough/cmd/disk.go:52.28,54.20 2 1
github.com/penguintechinc/gough/cli/gough/cmd/disk.go:54.20,56.6 1 1
github.com/penguintechinc/gough/cli/gough/cmd/disk.go:57.5,61.7 1 1
github.com/penguintechinc/gough/cli/gough/cmd/disk.go:63.4,67.14 2 1
github.com/penguintechinc/gough/cli/gough/cmd/disk.go:72.35,84.55 2 1
github.com/penguintechinc/gough/cli/gough/cmd/disk.go:84.55,87.18 3 1
github.com/penguintechinc/gough/cli/gough/cmd/disk.go:87.18,89.5 1 0
github.com/penguintechinc/gough/cli/gough/cmd/disk.go:91.4,92.22 2 1
github.com/penguintechinc/gough/cli/gough/cmd/disk.go:92.22,94.19 2 1
github.com/penguintechinc/gough/cli/gough/cmd/disk.go:94.19,96.6 1 1
github.com/penguintechinc/gough/cli/gough/cmd/disk.go:97.5,97.54 1 1
github.com/penguintechinc/gough/cli/gough/cmd/disk.go:97.54,99.6 1 1
github.com/penguintechinc/gough/cli/gough/cmd/disk.go:102.4,103.18 2 1
github.com/penguintechinc/gough/cli/gough/cmd/disk.go:103.18,105.5 1 0
github.com/penguintechinc/gough/cli/gough/cmd/disk.go:106.4,106.31 1 1
github.com/penguintechinc/gough/cli/gough/cmd/disk.go:106.31,109.5 2 0
github.com/penguintechinc/gough/cli/gough/cmd/disk.go:110.4,111.14 2 1
github.com/penguintechinc/gough/cli/gough/cmd/disk.go:115.2,117.12 3 1
github.com/penguintechinc/gough/cli/gough/cmd/disk.go:120.43,125.55 1 1
github.com/penguintechinc/gough/cli/gough/cmd/disk.go:125.55,128.18 3 1
github.com/penguintechinc/gough/cli/gough/cmd/disk.go:128.18,130.5 1 0
github.com/penguintechinc/gough/cli/gough/cmd/disk.go:132.4,133.18 2 1
github.com/penguintechinc/gough/cli/gough/cmd/disk.go:133.18,135.5 1 0
github.com/penguintechinc/gough/cli/gough/cmd/disk.go:136.4,136.31 1 1
github.com/penguintechinc/gough/cli/gough/cmd/disk.go:136.31,139.5 2 1
github.com/penguintechinc/gough/cli/gough/cmd/disk.go:140.4,141.14 2 1
github.com/penguintechinc/gough/cli/gough/cmd/doctor.go:11.36,34.2 3 1
github.com/penguintechinc/gough/cli/gough/cmd/doctor.go:36.56,41.55 1 1
github.com/penguintechinc/gough/cli/gough/cmd/doctor.go:41.55,44.18 3 1
github.com/penguintechinc/gough/cli/gough/cmd/doctor.go:44.18,46.5 1 0
github.com/penguintechinc/gough/cli/gough/cmd/doctor.go:48.4,49.18 2 1
github.com/penguintechinc/gough/cli/gough/cmd/doctor.go:49.18,51.5 1 0
github.com/penguintechinc/gough/cli/gough/cmd/doctor.go:52.4,52.31 1 1
github.com/penguintechinc/gough/cli/gough/cmd/doctor.go:52.31,55.5 2 1
github.com/penguintechinc/gough/cli/gough/cmd/doctor.go:56.4,57.14 2 1
github.com/penguintechinc/gough/cli/gough/cmd/dr.go:11.32,24.2 3 1
github.com/penguintechinc/gough/cli/gough/cmd/dr.go:26.34,36.55 2 1
github.com/penguintechinc/gough/cli/gough/cmd/dr.go:36.55,39.18 3 1
github.com/penguintechinc/gough/cli/gough/cmd/dr.go:39.18,41.5 1 0
github.com/penguintechinc/gough/cli/gough/cmd/dr.go:43.4,44.18 2 1
github.com/penguintechinc/gough/cli/gough/cmd/dr.go:44.18,45.76 1 1
github.com/penguintechinc/gough/cli/gough/cmd/dr.go:45.76,48.6 2 0
github.com/penguintechinc/gough/cli/gough/cmd/dr.go:49.5,49.34 1 1
github.com/penguintechinc/gough/cli/gough/cmd/dr.go:51.4,51.31 1 1
github.com/penguintechinc/gough/cli/gough/cmd/dr.go:51.31,54.5 2 1
github.com/penguintechinc/gough/cli/gough/cmd/dr.go:55.4,56.14 2 1
github.com/penguintechinc/gough/cli/gough/cmd/dr.go:60.2,61.12 2 1
github.com/penguintechinc/gough/cli/gough/cmd/dr.go:64.36,85.55 2 1
github.com/penguintechinc/gough/cli/gough/cmd/dr.go:85.55,88.18 3 1
github.com/penguintechinc/gough/cli/gough/cmd/dr.go:88.18,90.5 1 0
github.com/penguintechinc/gough/cli/gough/cmd/dr.go:92.4,93.18 2 1
github.com/penguintechinc/gough/cli/gough/cmd/dr.go:93.18,95.5 1 0
github.com/penguintechinc/gough/cli/gough/cmd/dr.go:96.4,96.31 1 1
github.com/penguintechinc/gough/cli/gough/cmd/dr.go:96.31,99.5 2 1
github.com/penguintechinc/gough/cli/gough/cmd/dr.go:100.4,101.14 2 1
github.com/penguintechinc/gough/cli/gough/cmd/dr.go:105.2,109.12 4 1
github.com/penguintechinc/gough/cli/gough/cmd/dr.go:112.37,117.55 1 1
github.com/penguintechinc/gough/cli/gough/cmd/dr.go:117.55,120.18 3 1
github.com/penguintechinc/gough/cli/gough/cmd/dr.go:120.18,122.5 1 0
github.com/penguintechinc/gough/cli/gough/cmd/dr.go:124.4,125.18 2 1
github.com/penguintechinc/gough/cli/gough/cmd/dr.go:125.18,127.5 1 0
github.com/penguintechinc/gough/cli/gough/cmd/dr.go:128.4,128.31 1 1
github.com/penguintechinc/gough/cli/gough/cmd/dr.go:128.31,131.5 2 1
github.com/penguintechinc/gough/cli/gough/cmd/dr.go:132.4,133.14 2 1
github.com/penguintechinc/gough/cli/gough/cmd/dr.go:138.36,148.55 2 1
github.com/penguintechinc/gough/cli/gough/cmd/dr.go:148.55,151.18 3 1
github.com/penguintechinc/gough/cli/gough/cmd/dr.go:151.18,153.5 1 0
github.com/penguintechinc/gough/cli/gough/cmd/dr.go:155.4,156.18 2 1
github.com/penguintechinc/gough/cli/gough/cmd/dr.go:156.18,158.5 1 0
github.com/penguintechinc/gough/cli/gough/cmd/dr.go:159.4,159.31 1 1
github.com/penguintechinc/gough/cli/gough/cmd/dr.go:159.31,162.5 2 1
github.com/penguintechinc/gough/cli/gough/cmd/dr.go:163.4,164.14 2 1
github.com/penguintechinc/gough/cli/gough/cmd/dr.go:168.2,172.12 5 1
github.com/penguintechinc/gough/cli/gough/cmd/init.go:11.34,36.55 2 1
github.com/penguintechinc/gough/cli/gough/cmd/init.go:36.55,39.18 3 1
github.com/penguintechinc/gough/cli/gough/cmd/init.go:39.18,41.5 1 0
github.com/penguintechinc/gough/cli/gough/cmd/init.go:43.4,48.18 2 1
github.com/penguintechinc/gough/cli/gough/cmd/init.go:48.18,50.5 1 0
github.com/penguintechinc/gough/cli/gough/cmd/init.go:52.4,52.31 1 1
github.com/penguintechinc/gough/cli/gough/cmd/init.go:52.31,55.5 2 1
github.com/penguintechinc/gough/cli/gough/cmd/init.go:57.4,58.14 2 0
github.com/penguintechinc/gough/cli/gough/cmd/init.go:62.2,68.12 4 1
github.com/penguintechinc/gough/cli/gough/cmd/integrations.go:13.42,26.2 3 1
github.com/penguintechinc/gough/cli/gough/cmd/integrations.go:28.45,33.55 1 1
github.com/penguintechinc/gough/cli/gough/cmd/integrations.go:33.55,36.18 3 1
github.com/penguintechinc/gough/cli/gough/cmd/integrations.go:36.18,38.5 1 0
github.com/penguintechinc/gough/cli/gough/cmd/integrations.go:40.4,41.18 2 1
github.com/penguintechinc/gough/cli/gough/cmd/integrations.go:41.18,43.5 1 0
github.com/penguintechinc/gough/cli/gough/cmd/integrations.go:45.4,45.30 1 1
github.com/penguintechinc/gough/cli/gough/cmd/integrations.go:45.30,48.5 2 1
github.com/penguintechinc/gough/cli/gough/cmd/integrations.go:50.4,51.35 2 1
github.com/penguintechinc/gough/cli/gough/cmd/integrations.go:51.35,53.19 2 1
github.com/penguintechinc/gough/cli/gough/cmd/integrations.go:53.19,55.6 1 1
github.com/penguintechinc/gough/cli/gough/cmd/integrations.go:56.5,58.7 1 1
github.com/penguintechinc/gough/cli/gough/cmd/integrations.go:60.4,64.14 2 1
github.com/penguintechinc/gough/cli/gough/cmd/integrations.go:69.48,81.55 2 1
github.com/penguintechinc/gough/cli/gough/cmd/integrations.go:81.55,84.18 3 1
github.com/penguintechinc/gough/cli/gough/cmd/integrations.go:84.18,86.5 1 1
github.com/penguintechinc/gough/cli/gough/cmd/integrations.go:88.4,89.27 2 1
github.com/penguintechinc/gough/cli/gough/cmd/integrations.go:89.27,91.24 2 1
github.com/penguintechinc/gough/cli/gough/cmd/integrations.go:91.24,93.6 1 1
github.com/penguintechinc/gough/cli/gough/cmd/integrations.go:96.4,97.18 2 1
github.com/penguintechinc/gough/cli/gough/cmd/integrations.go:97.18,99.5 1 1
github.com/penguintechinc/gough/cli/gough/cmd/integrations.go:100.4,100.31 1 1
github.com/penguintechinc/gough/cli/gough/cmd/integrations.go:100.31,103.5 2 0
github.com/penguintechinc/gough/cli/gough/cmd/integrations.go:104.4,105.14 2 1
github.com/penguintechinc/gough/cli/gough/cmd/integrations.go:109.2,110.12 2 1
github.com/penguintechinc/gough/cli/gough/cmd/integrations.go:113.56,122.55 1 1
github.com/penguintechinc/gough/cli/gough/cmd/integrations.go:122.55,125.18 3 1
github.com/penguintechinc/gough/cli/gough/cmd/integrations.go:125.18,127.5 1 0
github.com/penguintechinc/gough/cli/gough/cmd/integrations.go:129.4,130.18 2 1
github.com/penguintechinc/gough/cli/gough/cmd/integrations.go:130.18,132.5 1 0
github.com/penguintechinc/gough/cli/gough/cmd/integrations.go:133.4,133.31 1 1
github.com/penguintechinc/gough/cli/gough/cmd/integrations.go:133.31,136.5 2 1
github.com/penguintechinc/gough/cli/gough/cmd/integrations.go:137.4,138.14 2 1
github.com/penguintechinc/gough/cli/gough/cmd/integrations.go:143.52,148.55 1 1
github.com/penguintechinc/gough/cli/gough/cmd/integrations.go:148.55,151.18 3 1
github.com/penguintechinc/gough/cli/gough/cmd/integrations.go:151.18,153.5 1 0
github.com/penguintechinc/gough/cli/gough/cmd/integrations.go:155.4,156.18 2 1
github.com/penguintechinc/gough/cli/gough/cmd/integrations.go:156.18,158.5 1 0
github.com/penguintechinc/gough/cli/gough/cmd/integrations.go:159.4,159.31 1 1
github.com/penguintechinc/gough/cli/gough/cmd/integrations.go:159.31,162.5 2 1
github.com/penguintechinc/gough/cli/gough/cmd/integrations.go:163.4,164.14 2 1
github.com/penguintechinc/gough/cli/gough/cmd/login.go:15.35,30.55 2 1
github.com/penguintechinc/gough/cli/gough/cmd/login.go:30.55,34.18 3 1
github.com/penguintechinc/gough/cli/gough/cmd/login.go:34.18,36.5 1 0
github.com/penguintechinc/gough/cli/gough/cmd/login.go:39.4,39.24 1 1
github.com/penguintechinc/gough/cli/gough/cmd/login.go:39.24,41.5 1 1
github.com/penguintechinc/gough/cli/gough/cmd/login.go:42.4,42.24 1 1
github.com/penguintechinc/gough/cli/gough/cmd/login.go:42.24,44.5 1 1
github.com/penguintechinc/gough/cli/gough/cmd/login.go:46.4,47.18 2 0
github.com/penguintechinc/gough/cli/gough/cmd/login.go:47.18,49.5 1 0
github.com/penguintechinc/gough/cli/gough/cmd/login.go:52.4,52.56 1 0
github.com/penguintechinc/gough/cli/gough/cmd/login.go:52.56,54.5 1 0
github.com/penguintechinc/gough/cli/gough/cmd/login.go:57.4,58.14 2 0
github.com/penguintechinc/gough/cli/gough/cmd/login.go:62.2,63.12 2 1
github.com/penguintechinc/gough/cli/gough/cmd/login.go:66.36,71.55 1 1
github.com/penguintechinc/gough/cli/gough/cmd/login.go:71.55,74.45 2 1
github.com/penguintechinc/gough/cli/gough/cmd/login.go:74.45,76.5 1 1
github.com/penguintechinc/gough/cli/gough/cmd/login.go:77.4,78.14 2 0
github.com/penguintechinc/gough/cli/gough/cmd/migration.go:13.39,25.2 3 1
github.com/penguintechinc/gough/cli/gough/cmd/migration.go:27.46,32.55 1 1
github.com/penguintechinc/gough/cli/gough/cmd/migration.go:32.55,35.18 3 1
github.com/penguintechinc/gough/cli/gough/cmd/migration.go:35.18,37.5 1 0
github.com/penguintechinc/gough/cli/gough/cmd/migration.go:39.4,40.18 2 1
github.com/penguintechinc/gough/cli/gough/cmd/migration.go:40.18,42.5 1 0
github.com/penguintechinc/gough/cli/gough/cmd/migration.go:44.4,51.14 2 1
github.com/penguintechinc/gough/cli/gough/cmd/migration.go:56.45,69.55 1 1
github.com/penguintechinc/gough/cli/gough/cmd/migration.go:69.55,72.18 3 1
github.com/penguintechinc/gough/cli/gough/cmd/migration.go:72.18,74.5 1 1
github.com/penguintechinc/gough/cli/gough/cmd/migration.go:76.4,77.18 2 1
github.com/penguintechinc/gough/cli/gough/cmd/migration.go:77.18,79.5 1 1
github.com/penguintechinc/gough/cli/gough/cmd/migration.go:80.4,80.31 1 1
github.com/penguintechinc/gough/cli/gough/cmd/migration.go:80.31,83.5 2 1
github.com/penguintechinc/gough/cli/gough/cmd/migration.go:84.4,85.14 2 1
github.com/penguintechinc/gough/cli/gough/cmd/migration.go:90.43,107.55 2 1
github.com/penguintechinc/gough/cli/gough/cmd/migration.go:107.55,110.18 3 1
github.com/penguintechinc/gough/cli/gough/cmd/migration.go:110.18,112.5 1 0
github.com/penguintechinc/gough/cli/gough/cmd/migration.go:114.4,115.18 2 1
github.com/penguintechinc/gough/cli/gough/cmd/migration.go:115.18,116.75 1 0
github.com/penguintechinc/gough/cli/gough/cmd/migration.go:116.75,119.6 2 0
github.com/penguintechinc/gough/cli/gough/cmd/migration.go:120.5,120.34 1 0
github.com/penguintechinc/gough/cli/gough/cmd/migration.go:122.4,122.31 1 1
github.com/penguintechinc/gough/cli/gough/cmd/migration.go:122.31,125.5 2 1
github.com/penguintechinc/gough/cli/gough/cmd/migration.go:126.4,127.14 2 1
github.com/penguintechinc/gough/cli/gough/cmd/migration.go:131.2,134.12 4 1
github.com/penguintechinc/gough/cli/gough/cmd/node.go:16.34,35.2 3 1
github.com/penguintechinc/gough/cli/gough/cmd/node.go:37.35,48.55 2 1
github.com/penguintechinc/gough/cli/gough/cmd/node.go:48.55,51.18 3 1
github.com/penguintechinc/gough/cli/gough/cmd/node.go:51.18,53.5 1 0
github.com/penguintechinc/gough/cli/gough/cmd/node.go:55.4,60.18 2 1
github.com/penguintechinc/gough/cli/gough/cmd/node.go:60.18,62.5 1 0
github.com/penguintechinc/gough/cli/gough/cmd/node.go:64.4,64.23 1 1
github.com/penguintechinc/gough/cli/gough/cmd/node.go:64.23,67.5 2 1
github.com/penguintechinc/gough/cli/gough/cmd/node.go:69.4,70.28 2 1
github.com/penguintechinc/gough/cli/gough/cmd/node.go:70.28,77.5 3 1
github.com/penguintechinc/gough/cli/gough/cmd/node.go:78.4,82.14 2 1
github.com/penguintechinc/gough/cli/gough/cmd/node.go:86.2,89.12 4 1
github.com/penguintechinc/gough/cli/gough/cmd/node.go:93.48,94.20 1 1
github.com/penguintechinc/gough/cli/gough/cmd/node.go:94.20,96.3 1 1
github.com/penguintechinc/gough/cli/gough/cmd/node.go:97.2,98.25 2 1
github.com/penguintechinc/gough/cli/gough/cmd/node.go:98.25,100.3 1 1
github.com/penguintechinc/gough/cli/gough/cmd/node.go:101.2,101.33 1 1
github.com/penguintechinc/gough/cli/gough/cmd/node.go:105.34,112.2 3 1
github.com/penguintechinc/gough/cli/gough/cmd/node.go:114.37,120.55 1 1
github.com/penguintechinc/gough/cli/gough/cmd/node.go:120.55,125.23 5 1
github.com/penguintechinc/gough/cli/gough/cmd/node.go:125.23,127.5 1 1
github.com/penguintechinc/gough/cli/gough/cmd/node.go:128.4,129.18 2 1
github.com/penguintechinc/gough/cli/gough/cmd/node.go:129.18,131.5 1 0
github.com/penguintechinc/gough/cli/gough/cmd/node.go:132.4,133.18 2 1
github.com/penguintechinc/gough/cli/gough/cmd/node.go:133.18,135.5 1 0
github.com/penguintechinc/gough/cli/gough/cmd/node.go:136.4,136.31 1 1
github.com/penguintechinc/gough/cli/gough/cmd/node.go:136.31,139.5 2 1
github.com/penguintechinc/gough/cli/gough/cmd/node.go:140.4,141.14 2 1
github.com/penguintechinc/gough/cli/gough/cmd/node.go:146.40,152.55 1 1
github.com/penguintechinc/gough/cli/gough/cmd/node.go:152.55,157.23 5 1
github.com/penguintechinc/gough/cli/gough/cmd/node.go:157.23,159.5 1 1
github.com/penguintechinc/gough/cli/gough/cmd/node.go:160.4,161.18 2 1
github.com/penguintechinc/gough/cli/gough/cmd/node.go:161.18,163.5 1 0
github.com/penguintechinc/gough/cli/gough/cmd/node.go:164.4,165.18 2 1
github.com/penguintechinc/gough/cli/gough/cmd/node.go:165.18,167.5 1 0
github.com/penguintechinc/gough/cli/gough/cmd/node.go:168.4,168.31 1 1
github.com/penguintechinc/gough/cli/gough/cmd/node.go:168.31,171.5 2 1
github.com/penguintechinc/gough/cli/gough/cmd/node.go:172.4,173.14 2 1
github.com/penguintechinc/gough/cli/gough/cmd/node.go:178.35,183.55 1 1
github.com/penguintechinc/gough/cli/gough/cmd/node.go:183.55,186.18 3 1
github.com/penguintechinc/gough/cli/gough/cmd/node.go:186.18,188.5 1 1
github.com/penguintechinc/gough/cli/gough/cmd/node.go:189.4,190.18 2 1
github.com/penguintechinc/gough/cli/gough/cmd/node.go:190.18,192.5 1 1
github.com/penguintechinc/gough/cli/gough/cmd/node.go:193.4,193.22 1 1
github.com/penguintechinc/gough/cli/gough/cmd/node.go:193.22,196.5 2 0
github.com/penguintechinc/gough/cli/gough/cmd/node.go:197.4,198.27 2 1
github.com/penguintechinc/gough/cli/gough/cmd/node.go:198.27,200.5 1 1
github.com/penguintechinc/gough/cli/gough/cmd/node.go:201.4,202.14 2 1
github.com/penguintechinc/gough/cli/gough/cmd/node.go:207.35,212.55 1 1
github.com/penguintechinc/gough/cli/gough/cmd/node.go:212.55,215.18 3 1
github.com/penguintechinc/gough/cli/gough/cmd/node.go:215.18,217.5 1 1
github.com/penguintechinc/gough/cli/gough/cmd/node.go:219.4,220.18 2 1
github.com/penguintechinc/gough/cli/gough/cmd/node.go:220.18,222.5 1 1
github.com/penguintechinc/gough/cli/gough/cmd/node.go:224.4,225.14 2 1
github.com/penguintechinc/gough/cli/gough/cmd/node.go:230.37,241.55 2 1
github.com/penguintechinc/gough/cli/gough/cmd/node.go:241.55,244.18 3 1
github.com/penguintechinc/gough/cli/gough/cmd/node.go:244.18,246.5 1 0
github.com/penguintechinc/gough/cli/gough/cmd/node.go:248.4,249.22 2 1
github.com/penguintechinc/gough/cli/gough/cmd/node.go:249.22,251.19 2 1
github.com/penguintechinc/gough/cli/gough/cmd/node.go:251.19,253.6 1 0
github.com/penguintechinc/gough/cli/gough/cmd/node.go:254.5,254.54 1 1
github.com/penguintechinc/gough/cli/gough/cmd/node.go:254.54,257.6 1 0
github.com/penguintechinc/gough/cli/gough/cmd/node.go:260.4,261.18 2 1
github.com/penguintechinc/gough/cli/gough/cmd/node.go:261.18,262.75 1 1
github.com/penguintechinc/gough/cli/gough/cmd/node.go:262.75,265.6 2 0
github.com/penguintechinc/gough/cli/gough/cmd/node.go:266.5,266.34 1 1
github.com/penguintechinc/gough/cli/gough/cmd/node.go:269.4,269.31 1 1
github.com/penguintechinc/gough/cli/gough/cmd/node.go:269.31,272.5 2 1
github.com/penguintechinc/gough/cli/gough/cmd/node.go:274.4,275.14 2 1
github.com/penguintechinc/gough/cli/gough/cmd/node.go:279.2,280.12 2 1
github.com/penguintechinc/gough/cli/gough/cmd/node.go:283.37,290.55 2 1
github.com/penguintechinc/gough/cli/gough/cmd/node.go:290.55,293.18 3 1
github.com/penguintechinc/gough/cli/gough/cmd/node.go:293.18,295.5 1 0
github.com/penguintechinc/gough/cli/gough/cmd/node.go:297.4,298.18 2 1
github.com/penguintechinc/gough/cli/gough/cmd/node.go:298.18,300.5 1 0
github.com/penguintechinc/gough/cli/gough/cmd/node.go:301.4,301.31 1 1
github.com/penguintechinc/gough/cli/gough/cmd/node.go:301.31,304.5 2 1
github.com/penguintechinc/gough/cli/gough/cmd/node.go:305.4,306.14 2 1
github.com/penguintechinc/gough/cli/gough/cmd/node.go:310.2,312.12 3 1
github.com/penguintechinc/gough/cli/gough/cmd/node.go:315.43,322.55 2 1
github.com/penguintechinc/gough/cli/gough/cmd/node.go:322.55,325.18 3 1
github.com/penguintechinc/gough/cli/gough/cmd/node.go:325.18,327.5 1 0
github.com/penguintechinc/gough/cli/gough/cmd/node.go:329.4,330.18 2 1
github.com/penguintechinc/gough/cli/gough/cmd/node.go:330.18,332.5 1 0
github.com/penguintechinc/gough/cli/gough/cmd/node.go:333.4,333.31 1 1
github.com/penguintechinc/gough/cli/gough/cmd/node.go:333.31,336.5 2 1
github.com/penguintechinc/gough/cli/gough/cmd/node.go:337.4,338.14 2 1
github.com/penguintechinc/gough/cli/gough/cmd/node.go:342.2,344.12 3 1
github.com/penguintechinc/gough/cli/gough/cmd/node.go:347.39,352.55 1 1
github.com/penguintechinc/gough/cli/gough/cmd/node.go:352.55,355.18 3 1
github.com/penguintechinc/gough/cli/gough/cmd/node.go:355.18,357.5 1 1
github.com/penguintechinc/gough/cli/gough/cmd/node.go:359.4,360.18 2 1
github.com/penguintechinc/gough/cli/gough/cmd/node.go:360.18,362.5 1 1
github.com/penguintechinc/gough/cli/gough/cmd/node.go:363.4,363.31 1 1
github.com/penguintechinc/gough/cli/gough/cmd/node.go:363.31,366.5 2 1
github.com/penguintechinc/gough/cli/gough/cmd/node.go:367.4,368.14 2 1
github.com/penguintechinc/gough/cli/gough/cmd/node.go:373.36,386.55 2 1
github.com/penguintechinc/gough/cli/gough/cmd/node.go:386.55,389.18 3 1
github.com/penguintechinc/gough/cli/gough/cmd/node.go:389.18,391.5 1 0
github.com/penguintechinc/gough/cli/gough/cmd/node.go:393.4,394.18 2 1
github.com/penguintechinc/gough/cli/gough/cmd/node.go:394.18,396.5 1 0
github.com/penguintechinc/gough/cli/gough/cmd/node.go:397.4,397.31 1 1
github.com/penguintechinc/gough/cli/gough/cmd/node.go:397.31,400.5 2 1
github.com/penguintechinc/gough/cli/gough/cmd/node.go:401.4,402.14 2 1
github.com/penguintechinc/gough/cli/gough/cmd/node.go:406.2,408.12 3 1
github.com/penguintechinc/gough/cli/gough/cmd/primary.go:11.37,24.2 3 1
github.com/penguintechinc/gough/cli/gough/cmd/primary.go:26.41,31.55 1 1
github.com/penguintechinc/gough/cli/gough/cmd/primary.go:31.55,34.18 3 1
github.com/penguintechinc/gough/cli/gough/cmd/primary.go:34.18,36.5 1 1
github.com/penguintechinc/gough/cli/gough/cmd/primary.go:37.4,38.18 2 1
github.com/penguintechinc/gough/cli/gough/cmd/primary.go:38.18,40.5 1 1
github.com/penguintechinc/gough/cli/gough/cmd/primary.go:41.4,41.31 1 1
github.com/penguintechinc/gough/cli/gough/cmd/primary.go:41.31,44.5 2 1
github.com/penguintechinc/gough/cli/gough/cmd/primary.go:45.4,46.14 2 1
github.com/penguintechinc/gough/cli/gough/cmd/primary.go:51.46,59.55 3 1
github.com/penguintechinc/gough/cli/gough/cmd/primary.go:59.55,62.18 3 1
github.com/penguintechinc/gough/cli/gough/cmd/primary.go:62.18,64.5 1 0
github.com/penguintechinc/gough/cli/gough/cmd/primary.go:65.4,66.18 2 1
github.com/penguintechinc/gough/cli/gough/cmd/primary.go:66.18,68.5 1 0
github.com/penguintechinc/gough/cli/gough/cmd/primary.go:69.4,69.31 1 1
github.com/penguintechinc/gough/cli/gough/cmd/primary.go:69.31,72.5 2 1
github.com/penguintechinc/gough/cli/gough/cmd/primary.go:73.4,74.14 2 1
github.com/penguintechinc/gough/cli/gough/cmd/primary.go:78.2,82.12 5 1
github.com/penguintechinc/gough/cli/gough/cmd/primary.go:85.48,92.55 2 1
github.com/penguintechinc/gough/cli/gough/cmd/primary.go:92.55,95.18 3 1
github.com/penguintechinc/gough/cli/gough/cmd/primary.go:95.18,97.5 1 0
github.com/penguintechinc/gough/cli/gough/cmd/primary.go:98.4,99.18 2 1
github.com/penguintechinc/gough/cli/gough/cmd/primary.go:99.18,101.5 1 0
github.com/penguintechinc/gough/cli/gough/cmd/primary.go:102.4,102.31 1 1
github.com/penguintechinc/gough/cli/gough/cmd/primary.go:102.31,105.5 2 1
github.com/penguintechinc/gough/cli/gough/cmd/primary.go:106.4,107.14 2 1
github.com/penguintechinc/gough/cli/gough/cmd/primary.go:111.2,113.12 3 1
github.com/penguintechinc/gough/cli/gough/cmd/primary.go:116.42,123.55 1 1
github.com/penguintechinc/gough/cli/gough/cmd/primary.go:123.55,126.18 3 1
github.com/penguintechinc/gough/cli/gough/cmd/primary.go:126.18,128.5 1 1
github.com/penguintechinc/gough/cli/gough/cmd/primary.go:129.4,130.18 2 1
github.com/penguintechinc/gough/cli/gough/cmd/primary.go:130.18,132.5 1 1
github.com/penguintechinc/gough/cli/gough/cmd/primary.go:133.4,133.31 1 1
github.com/penguintechinc/gough/cli/gough/cmd/primary.go:133.31,136.5 2 1
github.com/penguintechinc/gough/cli/gough/cmd/primary.go:137.4,138.14 2 1
github.com/penguintechinc/gough/cli/gough/cmd/restore.go:13.37,27.55 2 1
github.com/penguintechinc/gough/cli/gough/cmd/restore.go:27.55,30.18 3 1
github.com/penguintechinc/gough/cli/gough/cmd/restore.go:30.18,32.5 1 0
github.com/penguintechinc/gough/cli/gough/cmd/restore.go:34.4,35.18 2 1
github.com/penguintechinc/gough/cli/gough/cmd/restore.go:35.18,37.5 1 0
github.com/penguintechinc/gough/cli/gough/cmd/restore.go:38.4,38.31 1 1
github.com/penguintechinc/gough/cli/gough/cmd/restore.go:38.31,41.5 2 1
github.com/penguintechinc/gough/cli/gough/cmd/restore.go:42.4,43.14 2 1
github.com/penguintechinc/gough/cli/gough/cmd/restore.go:47.2,51.12 5 1
github.com/penguintechinc/gough/cli/gough/cmd/root.go:54.22,56.2 1 0
github.com/penguintechinc/gough/cli/gough/cmd/root.go:58.13,80.76 11 1
github.com/penguintechinc/gough/cli/gough/cmd/root.go:80.76,83.50 2 1
github.com/penguintechinc/gough/cli/gough/cmd/root.go:83.50,85.4 1 1
github.com/penguintechinc/gough/cli/gough/cmd/root.go:86.3,87.13 2 1
github.com/penguintechinc/gough/cli/gough/cmd/root.go:91.2,117.3 1 1
github.com/penguintechinc/gough/cli/gough/cmd/root.go:121.33,123.2 1 1
github.com/penguintechinc/gough/cli/gough/cmd/root.go:128.81,132.16 3 1
github.com/penguintechinc/gough/cli/gough/cmd/root.go:132.16,134.3 1 0
github.com/penguintechinc/gough/cli/gough/cmd/root.go:137.2,138.22 2 1
github.com/penguintechinc/gough/cli/gough/cmd/root.go:138.22,140.3 1 1
github.com/penguintechinc/gough/cli/gough/cmd/root.go:143.2,144.23 2 1
github.com/penguintechinc/gough/cli/gough/cmd/root.go:144.23,146.10 2 1
github.com/penguintechinc/gough/cli/gough/cmd/root.go:146.10,148.4 1 1
github.com/penguintechinc/gough/cli/gough/cmd/root.go:149.3,149.23 1 1
github.com/penguintechinc/gough/cli/gough/cmd/root.go:149.23,151.4 1 1
github.com/penguintechinc/gough/cli/gough/cmd/root.go:152.3,152.28 1 1
github.com/penguintechinc/gough/cli/gough/cmd/root.go:152.28,154.4 1 1
github.com/penguintechinc/gough/cli/gough/cmd/root.go:157.2,157.22 1 1
github.com/penguintechinc/gough/cli/gough/cmd/root.go:157.22,159.3 1 1
github.com/penguintechinc/gough/cli/gough/cmd/root.go:162.2,163.21 2 1
github.com/penguintechinc/gough/cli/gough/cmd/root.go:163.21,165.3 1 1
github.com/penguintechinc/gough/cli/gough/cmd/root.go:165.8,167.17 2 1
github.com/penguintechinc/gough/cli/gough/cmd/root.go:167.17,169.4 1 0
github.com/penguintechinc/gough/cli/gough/cmd/root.go:171.3,171.49 1 1
github.com/penguintechinc/gough/cli/gough/cmd/root.go:171.49,172.66 1 0
github.com/penguintechinc/gough/cli/gough/cmd/root.go:172.66,174.5 1 0
github.com/penguintechinc/gough/cli/gough/cmd/root.go:177.3,177.25 1 1
github.com/penguintechinc/gough/cli/gough/cmd/root.go:181.2,182.17 2 1
github.com/penguintechinc/gough/cli/gough/cmd/root.go:182.17,184.3 1 1
github.com/penguintechinc/gough/cli/gough/cmd/root.go:185.2,185.22 1 1
github.com/penguintechinc/gough/cli/gough/cmd/root.go:185.22,187.3 1 1
github.com/penguintechinc/gough/cli/gough/cmd/root.go:188.2,188.18 1 1
github.com/penguintechinc/gough/cli/gough/cmd/root.go:188.18,191.3 2 1
github.com/penguintechinc/gough/cli/gough/cmd/root.go:193.2,196.27 2 1
github.com/penguintechinc/gough/cli/gough/cmd/root.go:196.27,198.3 1 1
github.com/penguintechinc/gough/cli/gough/cmd/root.go:198.8,198.47 1 1
github.com/penguintechinc/gough/cli/gough/cmd/root.go:198.47,200.3 1 1
github.com/penguintechinc/gough/cli/gough/cmd/root.go:202.2,202.18 1 1
github.com/penguintechinc/gough/cli/gough/cmd/root.go:206.56,207.46 1 1
github.com/penguintechinc/gough/cli/gough/cmd/root.go:207.46,210.3 2 1
github.com/penguintechinc/gough/cli/gough/cmd/root.go:211.2,212.12 2 1
github.com/penguintechinc/gough/cli/gough/cmd/root.go:218.44,220.16 2 1
github.com/penguintechinc/gough/cli/gough/cmd/root.go:220.16,222.3 1 0
github.com/penguintechinc/gough/cli/gough/cmd/root.go:223.2,224.22 2 1
github.com/penguintechinc/gough/cli/gough/cmd/root.go:224.22,226.3 1 1
github.com/penguintechinc/gough/cli/gough/cmd/root.go:227.2,228.16 2 1
github.com/penguintechinc/gough/cli/gough/cmd/root.go:228.16,230.3 1 1
github.com/penguintechinc/gough/cli/gough/cmd/root.go:231.2,236.31 5 1
github.com/penguintechinc/gough/cli/gough/cmd/root.go:236.31,238.3 1 1
github.com/penguintechinc/gough/cli/gough/cmd/root.go:240.2,243.99 2 1
github.com/penguintechinc/gough/cli/gough/cmd/root.go:243.99,245.3 1 1
github.com/penguintechinc/gough/cli/gough/cmd/root.go:246.2,247.62 2 0
github.com/penguintechinc/gough/cli/gough/cmd/root.go:247.62,250.3 1 0
github.com/penguintechinc/gough/cli/gough/cmd/storage.go:13.37,25.2 3 1
github.com/penguintechinc/gough/cli/gough/cmd/storage.go:27.43,34.55 2 1
github.com/penguintechinc/gough/cli/gough/cmd/storage.go:34.55,37.18 3 1
github.com/penguintechinc/gough/cli/gough/cmd/storage.go:37.18,39.5 1 0
github.com/penguintechinc/gough/cli/gough/cmd/storage.go:41.4,42.18 2 1
github.com/penguintechinc/gough/cli/gough/cmd/storage.go:42.18,44.5 1 0
github.com/penguintechinc/gough/cli/gough/cmd/storage.go:46.4,46.24 1 1
github.com/penguintechinc/gough/cli/gough/cmd/storage.go:46.24,49.5 2 1
github.com/penguintechinc/gough/cli/gough/cmd/storage.go:51.4,52.29 2 1
github.com/penguintechinc/gough/cli/gough/cmd/storage.go:52.29,59.5 1 1
github.com/penguintechinc/gough/cli/gough/cmd/storage.go:60.4,64.14 2 1
github.com/penguintechinc/gough/cli/gough/cmd/storage.go:68.2,69.12 2 1
github.com/penguintechinc/gough/cli/gough/cmd/storage.go:72.46,85.55 2 1
github.com/penguintechinc/gough/cli/gough/cmd/storage.go:85.55,88.18 3 1
github.com/penguintechinc/gough/cli/gough/cmd/storage.go:88.18,90.5 1 0
github.com/penguintechinc/gough/cli/gough/cmd/storage.go:92.4,92.81 1 1
github.com/penguintechinc/gough/cli/gough/cmd/storage.go:92.81,94.5 1 0
github.com/penguintechinc/gough/cli/gough/cmd/storage.go:96.4,103.18 2 1
github.com/penguintechinc/gough/cli/gough/cmd/storage.go:103.18,105.5 1 0
github.com/penguintechinc/gough/cli/gough/cmd/storage.go:107.4,108.14 2 1
github.com/penguintechinc/gough/cli/gough/cmd/storage.go:112.2,117.12 6 1
github.com/penguintechinc/gough/cli/gough/cmd/sync.go:11.34,29.2 3 1
github.com/penguintechinc/gough/cli/gough/cmd/sync.go:31.37,37.55 1 1
github.com/penguintechinc/gough/cli/gough/cmd/sync.go:37.55,40.18 3 1
github.com/penguintechinc/gough/cli/gough/cmd/sync.go:40.18,42.5 1 1
github.com/penguintechinc/gough/cli/gough/cmd/sync.go:43.4,44.18 2 1
github.com/penguintechinc/gough/cli/gough/cmd/sync.go:44.18,46.5 1 1
github.com/penguintechinc/gough/cli/gough/cmd/sync.go:47.4,47.31 1 1
github.com/penguintechinc/gough/cli/gough/cmd/sync.go:47.31,50.5 2 1
github.com/penguintechinc/gough/cli/gough/cmd/sync.go:51.4,52.14 2 1
github.com/penguintechinc/gough/cli/gough/cmd/sync.go:57.37,63.55 1 1
github.com/penguintechinc/gough/cli/gough/cmd/sync.go:63.55,66.18 3 1
github.com/penguintechinc/gough/cli/gough/cmd/sync.go:66.18,68.5 1 1
github.com/penguintechinc/gough/cli/gough/cmd/sync.go:69.4,70.18 2 1
github.com/penguintechinc/gough/cli/gough/cmd/sync.go:70.18,72.5 1 1
github.com/penguintechinc/gough/cli/gough/cmd/sync.go:73.4,73.31 1 1
github.com/penguintechinc/gough/cli/gough/cmd/sync.go:73.31,76.5 2 1
github.com/penguintechinc/gough/cli/gough/cmd/sync.go:77.4,78.14 2 1
github.com/penguintechinc/gough/cli/gough/cmd/vault.go:16.35,25.2 3 1
github.com/penguintechinc/gough/cli/gough/cmd/vault.go:27.38,36.55 1 1
github.com/penguintechinc/gough/cli/gough/cmd/vault.go:36.55,39.18 3 1
github.com/penguintechinc/gough/cli/gough/cmd/vault.go:39.18,41.5 1 1
github.com/penguintechinc/gough/cli/gough/cmd/vault.go:43.4,46.18 4 1
github.com/penguintechinc/gough/cli/gough/cmd/vault.go:46.18,48.5 1 1
github.com/penguintechinc/gough/cli/gough/cmd/vault.go:49.4,50.19 2 1
github.com/penguintechinc/gough/cli/gough/cmd/vault.go:50.19,52.5 1 1
github.com/penguintechinc/gough/cli/gough/cmd/vault.go:54.4,55.18 2 1
github.com/penguintechinc/gough/cli/gough/cmd/vault.go:55.18,56.75 1 1
github.com/penguintechinc/gough/cli/gough/cmd/vault.go:56.75,59.6 2 0
github.com/penguintechinc/gough/cli/gough/cmd/vault.go:60.5,60.34 1 1
github.com/penguintechinc/gough/cli/gough/cmd/vault.go:63.4,63.31 1 1
github.com/penguintechinc/gough/cli/gough/cmd/vault.go:63.31,66.5 2 1
github.com/penguintechinc/gough/cli/gough/cmd/vault.go:68.4,69.14 2 1
github.com/penguintechinc/gough/cli/gough/cmd/version.go:11.37,17.55 1 1
github.com/penguintechinc/gough/cli/gough/cmd/version.go:17.55,28.4 5 1
github.com/penguintechinc/gough/cli/gough/cmd/webhook.go:11.37,19.2 3 1
github.com/penguintechinc/gough/cli/gough/cmd/webhook.go:21.38,26.55 1 1
github.com/penguintechinc/gough/cli/gough/cmd/webhook.go:26.55,29.18 3 1
github.com/penguintechinc/gough/cli/gough/cmd/webhook.go:29.18,31.5 1 0
github.com/penguintechinc/gough/cli/gough/cmd/webhook.go:33.4,34.18 2 1
github.com/penguintechinc/gough/cli/gough/cmd/webhook.go:34.18,36.5 1 0
github.com/penguintechinc/gough/cli/gough/cmd/webhook.go:37.4,37.31 1 1
github.com/penguintechinc/gough/cli/gough/cmd/webhook.go:37.31,40.5 2 1
github.com/penguintechinc/gough/cli/gough/cmd/webhook.go:41.4,42.14 2 1
